nullpomino.game.subsystem.mode.MarathonMode
nullpomino.game.subsystem.mode.MarathonPlusMode
nullpomino.game.subsystem.mode.ExtremeMode
nullpomino.game.subsystem.mode.LineRaceMode
nullpomino.game.subsystem.mode.ScoreRaceMode
nullpomino.game.subsystem.mode.DigRaceMode
nullpomino.game.subsystem.mode.ComboRaceMode
nullpomino.game.subsystem.mode.UltraMode
nullpomino.game.subsystem.mode.TechnicianMode
nullpomino.game.subsystem.mode.SquareMode
nullpomino.game.subsystem.mode.DigChallengeMode
nullpomino.game.subsystem.mode.RetroMarathonMode
nullpomino.game.subsystem.mode.RetroMasteryMode
nullpomino.game.subsystem.mode.RetroManiaMode
nullpomino.game.subsystem.mode.GradeManiaMode
nullpomino.game.subsystem.mode.GradeMania2Mode
nullpomino.game.subsystem.mode.GradeMania3Mode
nullpomino.game.subsystem.mode.ScoreAttackMode
nullpomino.game.subsystem.mode.SpeedManiaMode
nullpomino.game.subsystem.mode.SpeedMania2Mode
nullpomino.game.subsystem.mode.GarbageManiaMode
nullpomino.game.subsystem.mode.PhantomManiaMode
nullpomino.game.subsystem.mode.FinalMode
nullpomino.game.subsystem.mode.TimeAttackMode
nullpomino.game.subsystem.mode.PracticeMode
nullpomino.game.subsystem.mode.GemManiaMode
nullpomino.game.subsystem.mode.VSLineRaceMode
nullpomino.game.subsystem.mode.VSDigRaceMode
nullpomino.game.subsystem.mode.VSBattleMode
nullpomino.game.subsystem.mode.ToolVSMapEditMode
nullpomino.game.subsystem.mode.NetVSBattleMode
nullpomino.game.subsystem.mode.NetVSLineRaceMode
nullpomino.game.subsystem.mode.NetVSDigRaceMode
nullpomino.game.subsystem.mode.AvalancheMode
nullpomino.game.subsystem.mode.AvalancheFeverMode
nullpomino.game.subsystem.mode.AvalancheVSMode
nullpomino.game.subsystem.mode.AvalancheVSFeverMode
nullpomino.game.subsystem.mode.AvalancheVSDigRaceMode
nullpomino.game.subsystem.mode.AvalancheVSBombBattleMode
nullpomino.game.subsystem.mode.AvalancheVSSPFMode
nullpomino.game.subsystem.mode.PhysicianMode
nullpomino.game.subsystem.mode.PhysicianVSMode
nullpomino.game.subsystem.mode.SPFMode
